This is pdfTeX, Version 3.141592653-2.6-1.40.29 (TeX Live 2026) (preloaded format=pdflatex 2026.3.6)  16 MAY 2026 21:32
entering extended mode
 restricted \write18 enabled.
 %&-line parsing enabled.
**report.tex
(./report.tex
LaTeX2e <2025-11-01>
L3 programming layer <2026-01-19>
(/usr/local/texlive/2026basic/texmf-dist/tex/latex/base/article.cls
Document Class: article 2025/01/22 v1.4n Standard LaTeX document class
(/usr/local/texlive/2026basic/texmf-dist/tex/latex/base/size11.clo
File: size11.clo 2025/01/22 v1.4n Standard LaTeX file (size option)
)
\c@part=\count275
\c@section=\count276
\c@subsection=\count277
\c@subsubsection=\count278
\c@paragraph=\count279
\c@subparagraph=\count280
\c@figure=\count281
\c@table=\count282
\abovecaptionskip=\skip49
\belowcaptionskip=\skip50
\bibindent=\dimen148
)
(/usr/local/texlive/2026basic/texmf-dist/tex/latex/base/inputenc.sty
Package: inputenc 2024/02/08 v1.3d Input encoding file
\inpenc@prehook=\toks17
\inpenc@posthook=\toks18
)
(/usr/local/texlive/2026basic/texmf-dist/tex/latex/geometry/geometry.sty
Package: geometry 2020/01/02 v5.9 Page Geometry

(/usr/local/texlive/2026basic/texmf-dist/tex/latex/graphics/keyval.sty
Package: keyval 2022/05/29 v1.15 key=value parser (DPC)
\KV@toks@=\toks19
)
(/usr/local/texlive/2026basic/texmf-dist/tex/generic/iftex/ifvtex.sty
Package: ifvtex 2019/10/25 v1.7 ifvtex legacy package. Use iftex instead.

(/usr/local/texlive/2026basic/texmf-dist/tex/generic/iftex/iftex.sty
Package: iftex 2024/12/12 v1.0g TeX engine tests
))
\Gm@cnth=\count283
\Gm@cntv=\count284
\c@Gm@tempcnt=\count285
\Gm@bindingoffset=\dimen149
\Gm@wd@mp=\dimen150
\Gm@odd@mp=\dimen151
\Gm@even@mp=\dimen152
\Gm@layoutwidth=\dimen153
\Gm@layoutheight=\dimen154
\Gm@layouthoffset=\dimen155
\Gm@layoutvoffset=\dimen156
\Gm@dimlist=\toks20
)
(/usr/local/texlive/2026basic/texmf-dist/tex/latex/graphics/graphicx.sty
Package: graphicx 2024/12/31 v1.2e Enhanced LaTeX Graphics (DPC,SPQR)

(/usr/local/texlive/2026basic/texmf-dist/tex/latex/graphics/graphics.sty
Package: graphics 2024/08/06 v1.4g Standard LaTeX Graphics (DPC,SPQR)

(/usr/local/texlive/2026basic/texmf-dist/tex/latex/graphics/trig.sty
Package: trig 2023/12/02 v1.11 sin cos tan (DPC)
)
(/usr/local/texlive/2026basic/texmf-dist/tex/latex/graphics-cfg/graphics.cfg
File: graphics.cfg 2016/06/04 v1.11 sample graphics configuration
)
Package graphics Info: Driver file: pdftex.def on input line 106.

(/usr/local/texlive/2026basic/texmf-dist/tex/latex/graphics-def/pdftex.def
File: pdftex.def 2025/09/29 v1.2d Graphics/color driver for pdftex
))
\Gin@req@height=\dimen157
\Gin@req@width=\dimen158
)
(/usr/local/texlive/2026basic/texmf-dist/tex/latex/booktabs/booktabs.sty
Package: booktabs 2020/01/12 v1.61803398 Publication quality tables
\heavyrulewidth=\dimen159
\lightrulewidth=\dimen160
\cmidrulewidth=\dimen161
\belowrulesep=\dimen162
\belowbottomsep=\dimen163
\aboverulesep=\dimen164
\abovetopsep=\dimen165
\cmidrulesep=\dimen166
\cmidrulekern=\dimen167
\defaultaddspace=\dimen168
\@cmidla=\count286
\@cmidlb=\count287
\@aboverulesep=\dimen169
\@belowrulesep=\dimen170
\@thisruleclass=\count288
\@lastruleclass=\count289
\@thisrulewidth=\dimen171
)
(/usr/local/texlive/2026basic/texmf-dist/tex/latex/caption/caption.sty
Package: caption 2023/08/05 v3.6o Customizing captions (AR)

(/usr/local/texlive/2026basic/texmf-dist/tex/latex/caption/caption3.sty
Package: caption3 2023/07/31 v2.4d caption3 kernel (AR)
\caption@tempdima=\dimen172
\captionmargin=\dimen173
\caption@leftmargin=\dimen174
\caption@rightmargin=\dimen175
\caption@width=\dimen176
\caption@indent=\dimen177
\caption@parindent=\dimen178
\caption@hangindent=\dimen179
Package caption Info: Standard document class detected.
)
\c@caption@flags=\count290
\c@continuedfloat=\count291
)
(/usr/local/texlive/2026basic/texmf-dist/tex/latex/caption/subcaption.sty
Package: subcaption 2023/07/28 v1.6b Sub-captions (AR)
Package caption Info: New subtype `subfigure' on input line 238.
\c@subfigure=\count292
Package caption Info: New subtype `subtable' on input line 238.
\c@subtable=\count293
)
(/usr/local/texlive/2026basic/texmf-dist/tex/latex/tools/array.sty
Package: array 2025/09/25 v2.6n Tabular extension package (FMi)
\col@sep=\dimen180
\ar@mcellbox=\box53
\extrarowheight=\dimen181
\NC@list=\toks21
\extratabsurround=\skip51
\backup@length=\skip52
\ar@cellbox=\box54
)
(/usr/local/texlive/2026basic/texmf-dist/tex/latex/hyperref/hyperref.sty
Package: hyperref 2026-01-29 v7.01p Hypertext links for LaTeX

(/usr/local/texlive/2026basic/texmf-dist/tex/latex/kvsetkeys/kvsetkeys.sty
Package: kvsetkeys 2022-10-05 v1.19 Key value parser (HO)
)
(/usr/local/texlive/2026basic/texmf-dist/tex/generic/kvdefinekeys/kvdefinekeys.
sty
Package: kvdefinekeys 2019-12-19 v1.6 Define keys (HO)
)
(/usr/local/texlive/2026basic/texmf-dist/tex/generic/pdfescape/pdfescape.sty
Package: pdfescape 2019/12/09 v1.15 Implements pdfTeX's escape features (HO)

(/usr/local/texlive/2026basic/texmf-dist/tex/generic/ltxcmds/ltxcmds.sty
Package: ltxcmds 2023-12-04 v1.26 LaTeX kernel commands for general use (HO)
)
(/usr/local/texlive/2026basic/texmf-dist/tex/generic/pdftexcmds/pdftexcmds.sty
Package: pdftexcmds 2020-06-27 v0.33 Utility functions of pdfTeX for LuaTeX (HO
)

(/usr/local/texlive/2026basic/texmf-dist/tex/generic/infwarerr/infwarerr.sty
Package: infwarerr 2019/12/03 v1.5 Providing info/warning/error messages (HO)
)
Package pdftexcmds Info: \pdf@primitive is available.
Package pdftexcmds Info: \pdf@ifprimitive is available.
Package pdftexcmds Info: \pdfdraftmode found.
)) (/usr/local/texlive/2026basic/texmf-dist/tex/latex/hycolor/hycolor.sty
Package: hycolor 2020-01-27 v1.10 Color options for hyperref/bookmark (HO)
)
(/usr/local/texlive/2026basic/texmf-dist/tex/latex/hyperref/nameref.sty
Package: nameref 2026-01-29 v2.58 Cross-referencing by name of section

(/usr/local/texlive/2026basic/texmf-dist/tex/latex/refcount/refcount.sty
Package: refcount 2019/12/15 v3.6 Data extraction from label references (HO)
)
(/usr/local/texlive/2026basic/texmf-dist/tex/generic/gettitlestring/gettitlestr
ing.sty
Package: gettitlestring 2019/12/15 v1.6 Cleanup title references (HO)

(/usr/local/texlive/2026basic/texmf-dist/tex/latex/kvoptions/kvoptions.sty
Package: kvoptions 2022-06-15 v3.15 Key value format for package options (HO)
))
\c@section@level=\count294
)
(/usr/local/texlive/2026basic/texmf-dist/tex/latex/etoolbox/etoolbox.sty
Package: etoolbox 2025/10/02 v2.5m e-TeX tools for LaTeX (JAW)
\etb@tempcnta=\count295
)
(/usr/local/texlive/2026basic/texmf-dist/tex/generic/stringenc/stringenc.sty
Package: stringenc 2019/11/29 v1.12 Convert strings between diff. encodings (HO
)
)
\@linkdim=\dimen182
\Hy@linkcounter=\count296
\Hy@pagecounter=\count297

(/usr/local/texlive/2026basic/texmf-dist/tex/latex/hyperref/pd1enc.def
File: pd1enc.def 2026-01-29 v7.01p Hyperref: PDFDocEncoding definition (HO)
Now handling font encoding PD1 ...
... no UTF-8 mapping file for font encoding PD1
)
(/usr/local/texlive/2026basic/texmf-dist/tex/generic/intcalc/intcalc.sty
Package: intcalc 2019/12/15 v1.3 Expandable calculations with integers (HO)
)
\Hy@SavedSpaceFactor=\count298

(/usr/local/texlive/2026basic/texmf-dist/tex/latex/hyperref/puenc.def
File: puenc.def 2026-01-29 v7.01p Hyperref: PDF Unicode definition (HO)
Now handling font encoding PU ...
... no UTF-8 mapping file for font encoding PU
)
Package hyperref Info: Hyper figures OFF on input line 4201.
Package hyperref Info: Link nesting OFF on input line 4206.
Package hyperref Info: Hyper index ON on input line 4209.
Package hyperref Info: Plain pages OFF on input line 4216.
Package hyperref Info: Backreferencing OFF on input line 4221.
Package hyperref Info: Implicit mode ON; LaTeX internals redefined.
Package hyperref Info: Bookmarks ON on input line 4468.
\c@Hy@tempcnt=\count299

(/usr/local/texlive/2026basic/texmf-dist/tex/latex/url/url.sty
\Urlmuskip=\muskip17
Package: url 2013/09/16  ver 3.4  Verb mode for urls, etc.
)
LaTeX Info: Redefining \url on input line 4807.
\XeTeXLinkMargin=\dimen183

(/usr/local/texlive/2026basic/texmf-dist/tex/generic/bitset/bitset.sty
Package: bitset 2019/12/09 v1.3 Handle bit-vector datatype (HO)

(/usr/local/texlive/2026basic/texmf-dist/tex/generic/bigintcalc/bigintcalc.sty
Package: bigintcalc 2019/12/15 v1.5 Expandable calculations on big integers (HO
)
))
\Fld@menulength=\count300
\Field@Width=\dimen184
\Fld@charsize=\dimen185
Package hyperref Info: Hyper figures OFF on input line 6084.
Package hyperref Info: Link nesting OFF on input line 6089.
Package hyperref Info: Hyper index ON on input line 6092.
Package hyperref Info: backreferencing OFF on input line 6099.
Package hyperref Info: Link coloring OFF on input line 6104.
Package hyperref Info: Link coloring with OCG OFF on input line 6109.
Package hyperref Info: PDF/A mode OFF on input line 6114.
\Hy@abspage=\count301
\c@Item=\count302
\c@Hfootnote=\count303
)
Package hyperref Info: Driver (autodetected): hpdftex.
 (/usr/local/texlive/2026basic/texmf-dist/tex/latex/hyperref/hpdftex.def
File: hpdftex.def 2026-01-29 v7.01p Hyperref driver for pdfTeX
\Fld@listcount=\count304
\c@bookmark@seq@number=\count305

(/usr/local/texlive/2026basic/texmf-dist/tex/latex/rerunfilecheck/rerunfilechec
k.sty
Package: rerunfilecheck 2025-06-21 v1.11 Rerun checks for auxiliary files (HO)

(/usr/local/texlive/2026basic/texmf-dist/tex/generic/uniquecounter/uniquecounte
r.sty
Package: uniquecounter 2019/12/15 v1.4 Provide unlimited unique counter (HO)
)
Package uniquecounter Info: New unique counter `rerunfilecheck' on input line 2
84.
)
\Hy@SectionHShift=\skip53
) (/usr/local/texlive/2026basic/texmf-dist/tex/latex/amsmath/amsmath.sty
Package: amsmath 2025/07/09 v2.17z AMS math features
\@mathmargin=\skip54
For additional information on amsmath, use the `?' option.
(/usr/local/texlive/2026basic/texmf-dist/tex/latex/amsmath/amstext.sty
Package: amstext 2024/11/17 v2.01 AMS text

(/usr/local/texlive/2026basic/texmf-dist/tex/latex/amsmath/amsgen.sty
File: amsgen.sty 1999/11/30 v2.0 generic functions
\@emptytoks=\toks22
\ex@=\dimen186
))
(/usr/local/texlive/2026basic/texmf-dist/tex/latex/amsmath/amsbsy.sty
Package: amsbsy 1999/11/29 v1.2d Bold Symbols
\pmbraise@=\dimen187
)
(/usr/local/texlive/2026basic/texmf-dist/tex/latex/amsmath/amsopn.sty
Package: amsopn 2022/04/08 v2.04 operator names
)
\inf@bad=\count306
LaTeX Info: Redefining \frac on input line 233.
\uproot@=\count307
\leftroot@=\count308
LaTeX Info: Redefining \overline on input line 398.
LaTeX Info: Redefining \colon on input line 409.
\classnum@=\count309
\DOTSCASE@=\count310
LaTeX Info: Redefining \ldots on input line 495.
LaTeX Info: Redefining \dots on input line 498.
LaTeX Info: Redefining \cdots on input line 619.
\Mathstrutbox@=\box55
\strutbox@=\box56
LaTeX Info: Redefining \big on input line 721.
LaTeX Info: Redefining \Big on input line 722.
LaTeX Info: Redefining \bigg on input line 723.
LaTeX Info: Redefining \Bigg on input line 724.
\big@size=\dimen188
LaTeX Font Info:    Redeclaring font encoding OML on input line 742.
LaTeX Font Info:    Redeclaring font encoding OMS on input line 743.
\macc@depth=\count311
LaTeX Info: Redefining \bmod on input line 904.
LaTeX Info: Redefining \pmod on input line 909.
LaTeX Info: Redefining \smash on input line 939.
LaTeX Info: Redefining \relbar on input line 969.
LaTeX Info: Redefining \Relbar on input line 970.
\c@MaxMatrixCols=\count312
\dotsspace@=\muskip18
\c@parentequation=\count313
\dspbrk@lvl=\count314
\tag@help=\toks23
\row@=\count315
\column@=\count316
\maxfields@=\count317
\andhelp@=\toks24
\eqnshift@=\dimen189
\alignsep@=\dimen190
\tagshift@=\dimen191
\tagwidth@=\dimen192
\totwidth@=\dimen193
\lineht@=\dimen194
\@envbody=\toks25
\multlinegap=\skip55
\multlinetaggap=\skip56
\mathdisplay@stack=\toks26
LaTeX Info: Redefining \[ on input line 2950.
LaTeX Info: Redefining \] on input line 2951.
)
(/usr/local/texlive/2026basic/texmf-dist/tex/latex/l3backend/l3backend-pdftex.d
ef
File: l3backend-pdftex.def 2025-10-09 L3 backend support: PDF output (pdfTeX)
\l__color_backend_stack_int=\count318
) (./report.aux)
\openout1 = `report.aux'.

LaTeX Font Info:    Checking defaults for OML/cmm/m/it on input line 17.
LaTeX Font Info:    ... okay on input line 17.
LaTeX Font Info:    Checking defaults for OMS/cmsy/m/n on input line 17.
LaTeX Font Info:    ... okay on input line 17.
LaTeX Font Info:    Checking defaults for OT1/cmr/m/n on input line 17.
LaTeX Font Info:    ... okay on input line 17.
LaTeX Font Info:    Checking defaults for T1/cmr/m/n on input line 17.
LaTeX Font Info:    ... okay on input line 17.
LaTeX Font Info:    Checking defaults for TS1/cmr/m/n on input line 17.
LaTeX Font Info:    ... okay on input line 17.
LaTeX Font Info:    Checking defaults for OMX/cmex/m/n on input line 17.
LaTeX Font Info:    ... okay on input line 17.
LaTeX Font Info:    Checking defaults for U/cmr/m/n on input line 17.
LaTeX Font Info:    ... okay on input line 17.
LaTeX Font Info:    Checking defaults for PD1/pdf/m/n on input line 17.
LaTeX Font Info:    ... okay on input line 17.
LaTeX Font Info:    Checking defaults for PU/pdf/m/n on input line 17.
LaTeX Font Info:    ... okay on input line 17.

*geometry* driver: auto-detecting
*geometry* detected driver: pdftex
*geometry* verbose mode - [ preamble ] result:
* driver: pdftex
* paper: a4paper
* layout: <same size as paper>
* layoutoffset:(h,v)=(0.0pt,0.0pt)
* modes: 
* h-part:(L,W,R)=(72.26999pt, 452.9679pt, 72.26999pt)
* v-part:(T,H,B)=(72.26999pt, 700.50687pt, 72.26999pt)
* \paperwidth=597.50787pt
* \paperheight=845.04684pt
* \textwidth=452.9679pt
* \textheight=700.50687pt
* \oddsidemargin=0.0pt
* \evensidemargin=0.0pt
* \topmargin=-37.0pt
* \headheight=12.0pt
* \headsep=25.0pt
* \topskip=11.0pt
* \footskip=30.0pt
* \marginparwidth=50.0pt
* \marginparsep=10.0pt
* \columnsep=10.0pt
* \skip\footins=10.0pt plus 4.0pt minus 2.0pt
* \hoffset=0.0pt
* \voffset=0.0pt
* \mag=1000
* \@twocolumnfalse
* \@twosidefalse
* \@mparswitchfalse
* \@reversemarginfalse
* (1in=72.27pt=25.4mm, 1cm=28.453pt)

(/usr/local/texlive/2026basic/texmf-dist/tex/context/base/mkii/supp-pdf.mkii
[Loading MPS to PDF converter (version 2006.09.02).]
\scratchcounter=\count319
\scratchdimen=\dimen195
\scratchbox=\box57
\nofMPsegments=\count320
\nofMParguments=\count321
\everyMPshowfont=\toks27
\MPscratchCnt=\count322
\MPscratchDim=\dimen196
\MPnumerator=\count323
\makeMPintoPDFobject=\count324
\everyMPtoPDFconversion=\toks28
)
(/usr/local/texlive/2026basic/texmf-dist/tex/latex/epstopdf-pkg/epstopdf-base.s
ty
Package: epstopdf-base 2020-01-24 v2.11 Base part for package epstopdf
 (/usr/local/texlive/2026basic/texmf-dist/tex/latex/grfext/grfext.sty
Package: grfext 2019/12/03 v1.3 Manage graphics extensions (HO)
)
Package epstopdf-base Info: Redefining graphics rule for `.eps' on input line 4
85.
Package grfext Info: Graphics extension search list:
(grfext)             [.pdf,.png,.jpg,.mps,.jpeg,.jbig2,.jb2,.PDF,.PNG,.JPG,.JPE
G,.JBIG2,.JB2,.eps]
(grfext)             \AppendGraphicsExtensions on input line 504.

(/usr/local/texlive/2026basic/texmf-dist/tex/latex/latexconfig/epstopdf-sys.cfg
File: epstopdf-sys.cfg 2010/07/13 v1.3 Configuration of (r)epstopdf for TeX Liv
e
))
Package caption Info: Begin \AtBeginDocument code.
Package caption Info: hyperref package is loaded.
Package caption Info: End \AtBeginDocument code.
Package hyperref Info: Link coloring OFF on input line 17.
 (./report.out) (./report.out)
\@outlinefile=\write3
\openout3 = `report.out'.


Overfull \hbox (14.38673pt too wide) in paragraph at lines 34--35
\OT1/cmr/m/n/10.95 The dataset con-tains ge-o-graphic co-or-di-nates (lat-i-tud
e, lon-gi-tude), tem-po-ral in-for-ma-tion (\OT1/cmtt/m/n/10.95 acq[]date\OT1/c
mr/m/n/10.95 ,
 []

[1

{/usr/local/texlive/2026basic/texmf-var/fonts/map/pdftex/updmap/pdftex.map}]
Overfull \hbox (4.59055pt too wide) in paragraph at lines 44--45
[]\OT1/cmr/m/n/10.95 non-linear re-la-tion-ships, be-cause fire in-ten-sity may
 de-pend on in-ter-ac-tions be-tween weather,
 []

<../figures/B_01_class_distribution.png, id=92, 498.1812pt x 208.1376pt>
File: ../figures/B_01_class_distribution.png Graphic file (type png)
<use ../figures/B_01_class_distribution.png>
Package pdftex.def Info: ../figures/B_01_class_distribution.png  used on input 
line 56.
(pdftex.def)             Requested size: 339.72592pt x 141.94138pt.
<../figures/B_02_brightness_k_distribution.png, id=94, 859.5312pt x 280.4076pt>

File: ../figures/B_02_brightness_k_distribution.png Graphic file (type png)
<use ../figures/B_02_brightness_k_distribution.png>
Package pdftex.def Info: ../figures/B_02_brightness_k_distribution.png  used on
 input line 64.
(pdftex.def)             Requested size: 217.42265pt x 70.9275pt.
<../figures/B_02_humidity_pct_distribution.png, id=95, 859.5312pt x 280.4076pt>

File: ../figures/B_02_humidity_pct_distribution.png Graphic file (type png)
<use ../figures/B_02_humidity_pct_distribution.png>
Package pdftex.def Info: ../figures/B_02_humidity_pct_distribution.png  used on
 input line 68.
(pdftex.def)             Requested size: 217.42265pt x 70.9275pt.
<../figures/B_02_wind_max_kmh_distribution.png, id=96, 859.5312pt x 280.4076pt>

File: ../figures/B_02_wind_max_kmh_distribution.png Graphic file (type png)
<use ../figures/B_02_wind_max_kmh_distribution.png>
Package pdftex.def Info: ../figures/B_02_wind_max_kmh_distribution.png  used on
 input line 73.
(pdftex.def)             Requested size: 217.42265pt x 70.9275pt.
<../figures/B_02_precip_mm_distribution.png, id=97, 859.5312pt x 280.4076pt>
File: ../figures/B_02_precip_mm_distribution.png Graphic file (type png)
<use ../figures/B_02_precip_mm_distribution.png>
Package pdftex.def Info: ../figures/B_02_precip_mm_distribution.png  used on in
put line 77.
(pdftex.def)             Requested size: 217.42265pt x 70.9275pt.
<../figures/B_02_latitude_distribution.png, id=98, 859.5312pt x 280.4076pt>
File: ../figures/B_02_latitude_distribution.png Graphic file (type png)
<use ../figures/B_02_latitude_distribution.png>
Package pdftex.def Info: ../figures/B_02_latitude_distribution.png  used on inp
ut line 87.
(pdftex.def)             Requested size: 217.42265pt x 70.9275pt.
<../figures/B_02_longitude_distribution.png, id=99, 859.5312pt x 280.4076pt>
File: ../figures/B_02_longitude_distribution.png Graphic file (type png)
<use ../figures/B_02_longitude_distribution.png>
Package pdftex.def Info: ../figures/B_02_longitude_distribution.png  used on in
put line 91.
(pdftex.def)             Requested size: 217.42265pt x 70.9275pt.
<../figures/B_03_correlation_heatmap.png, id=100, 790.152pt x 617.1858pt>
File: ../figures/B_03_correlation_heatmap.png Graphic file (type png)
<use ../figures/B_03_correlation_heatmap.png>
Package pdftex.def Info: ../figures/B_03_correlation_heatmap.png  used on input
 line 100.
(pdftex.def)             Requested size: 362.37569pt x 283.05193pt.
[2 <../figures/B_01_class_distribution.png>] [3 <../figures/B_02_brightness_k_d
istribution.png> <../figures/B_02_humidity_pct_distribution.png> <../figures/B_
02_wind_max_kmh_distribution.png> <../figures/B_02_precip_mm_distribution.png> 
<../figures/B_02_latitude_distribution.png> <../figures/B_02_longitude_distribu
tion.png>]
<../figures/C1_01_max_depth_sweep.png, id=124, 442.7742pt x 278.4804pt>
File: ../figures/C1_01_max_depth_sweep.png Graphic file (type png)
<use ../figures/C1_01_max_depth_sweep.png>
Package pdftex.def Info: ../figures/C1_01_max_depth_sweep.png  used on input li
ne 127.
(pdftex.def)             Requested size: 353.31439pt x 222.22371pt.
<../figures/C1_02_ccp_alpha_pruning.png, id=125, 505.4082pt x 278.4804pt>
File: ../figures/C1_02_ccp_alpha_pruning.png Graphic file (type png)
<use ../figures/C1_02_ccp_alpha_pruning.png>
Package pdftex.def Info: ../figures/C1_02_ccp_alpha_pruning.png  used on input 
line 134.
(pdftex.def)             Requested size: 353.31439pt x 194.67574pt.
<../figures/C1_03_tree_top3_levels.png, id=126, 1134.639pt x 574.7874pt>
File: ../figures/C1_03_tree_top3_levels.png Graphic file (type png)
<use ../figures/C1_03_tree_top3_levels.png>
Package pdftex.def Info: ../figures/C1_03_tree_top3_levels.png  used on input l
ine 141.
(pdftex.def)             Requested size: 416.72963pt x 211.10684pt.
 [4 <../figures/B_03_correlation_heatmap.png>]
<../figures/C2_01_kernel_comparison.png, id=139, 337.26pt x 208.1376pt>
File: ../figures/C2_01_kernel_comparison.png Graphic file (type png)
<use ../figures/C2_01_kernel_comparison.png>
Package pdftex.def Info: ../figures/C2_01_kernel_comparison.png  used on input 
line 157.
(pdftex.def)             Requested size: 208.36827pt x 128.59616pt.
<../figures/C2_02_regularization_lambda.png, id=140, 386.8854pt x 210.0648pt>
File: ../figures/C2_02_regularization_lambda.png Graphic file (type png)
<use ../figures/C2_02_regularization_lambda.png>
Package pdftex.def Info: ../figures/C2_02_regularization_lambda.png  used on in
put line 159.
(pdftex.def)             Requested size: 208.36827pt x 113.13841pt.
<../figures/C2_03_capacity_C.png, id=141, 386.8854pt x 210.0648pt>
File: ../figures/C2_03_capacity_C.png Graphic file (type png)
<use ../figures/C2_03_capacity_C.png>
Package pdftex.def Info: ../figures/C2_03_capacity_C.png  used on input line 16
6.
(pdftex.def)             Requested size: 353.31439pt x 191.83879pt.
<../figures/C2_04_gamma_sweep.png, id=142, 386.8854pt x 210.0648pt>
File: ../figures/C2_04_gamma_sweep.png Graphic file (type png)
<use ../figures/C2_04_gamma_sweep.png>
Package pdftex.def Info: ../figures/C2_04_gamma_sweep.png  used on input line 1
73.
(pdftex.def)             Requested size: 353.31439pt x 191.83879pt.
<../figures/D_02_confusion_svm_best_cv_params_validation.png, id=143, 354.6048p
t x 277.9986pt>
File: ../figures/D_02_confusion_svm_best_cv_params_validation.png Graphic file 
(type png)
<use ../figures/D_02_confusion_svm_best_cv_params_validation.png>
Package pdftex.def Info: ../figures/D_02_confusion_svm_best_cv_params_validatio
n.png  used on input line 180.
(pdftex.def)             Requested size: 280.83788pt x 220.17216pt.
 [5 <../figures/C1_01_max_depth_sweep.png>]
<../figures/C3_01_lr_sweep.png, id=157, 714.5094pt x 279.9258pt>
File: ../figures/C3_01_lr_sweep.png Graphic file (type png)
<use ../figures/C3_01_lr_sweep.png>
Package pdftex.def Info: ../figures/C3_01_lr_sweep.png  used on input line 196.

(pdftex.def)             Requested size: 430.31812pt x 168.58893pt.
<../figures/C3_02_hidden_sweep.png, id=158, 714.5094pt x 279.9258pt>
File: ../figures/C3_02_hidden_sweep.png Graphic file (type png)
<use ../figures/C3_02_hidden_sweep.png>
Package pdftex.def Info: ../figures/C3_02_hidden_sweep.png  used on input line 
203.
(pdftex.def)             Requested size: 430.31812pt x 168.58893pt.
<../figures/D_03_confusion_neural_net_hidden-layer_validation.png, id=159, 355.
0866pt x 277.9986pt>
File: ../figures/D_03_confusion_neural_net_hidden-layer_validation.png Graphic 
file (type png)
<use ../figures/D_03_confusion_neural_net_hidden-layer_validation.png>
Package pdftex.def Info: ../figures/D_03_confusion_neural_net_hidden-layer_vali
dation.png  used on input line 210.
(pdftex.def)             Requested size: 271.7835pt x 212.79124pt.
<../figures/D_00_model_performance_comparison.png, id=161, 850.8588pt x 280.407
6pt>
File: ../figures/D_00_model_performance_comparison.png Graphic file (type png)
<use ../figures/D_00_model_performance_comparison.png>
Package pdftex.def Info: ../figures/D_00_model_performance_comparison.png  used
 on input line 235.
(pdftex.def)             Requested size: 430.31812pt x 141.8165pt.
 [6 <../figures/C1_02_ccp_alpha_pruning.png>] [7 <../figures/C1_03_tree_top3_le
vels.png> <../figures/C2_01_kernel_comparison.png> <../figures/C2_02_regulariza
tion_lambda.png>]
<../figures/E_01_confusion_decision_tree_test.png, id=179, 354.6048pt x 277.998
6pt>
File: ../figures/E_01_confusion_decision_tree_test.png Graphic file (type png)
<use ../figures/E_01_confusion_decision_tree_test.png>
Package pdftex.def Info: ../figures/E_01_confusion_decision_tree_test.png  used
 on input line 251.
(pdftex.def)             Requested size: 271.7835pt x 213.07544pt.
 [8 <../figures/C2_03_capacity_C.png> <../figures/C2_04_gamma_sweep.png>] [9 <.
./figures/D_02_confusion_svm_best_cv_params_validation.png> <../figures/C3_01_l
r_sweep.png>] [10 <../figures/C3_02_hidden_sweep.png> <../figures/D_03_confusio
n_neural_net_hidden-layer_validation.png>] [11 <../figures/D_00_model_performan
ce_comparison.png> <../figures/E_01_confusion_decision_tree_test.png>] (./repor
t.aux)
 ***********
LaTeX2e <2025-11-01>
L3 programming layer <2026-01-19>
 ***********
Package rerunfilecheck Info: File `report.out' has not changed.
(rerunfilecheck)             Checksum: C09A5A14D5FEF256A9969584354167B6;3312.
 ) 
Here is how much of TeX's memory you used:
 11473 strings out of 469006
 187311 string characters out of 5454814
 602325 words of memory out of 5000000
 40007 multiletter control sequences out of 15000+600000
 634645 words of font info for 64 fonts, out of 8000000 for 9000
 319 hyphenation exceptions out of 8191
 75i,8n,79p,758b,537s stack positions out of 10000i,1000n,20000p,200000b,200000s
 </Users/hieutong/Library/texlive/2026basic/texmf-var/fonts/pk/ljfour/jknappe
n/ec/tcrm1095.600pk></usr/local/texlive/2026basic/texmf-dist/fonts/type1/public
/amsfonts/cm/cmbx10.pfb></usr/local/texlive/2026basic/texmf-dist/fonts/type1/pu
blic/amsfonts/cm/cmbx12.pfb></usr/local/texlive/2026basic/texmf-dist/fonts/type
1/public/amsfonts/cm/cmr10.pfb></usr/local/texlive/2026basic/texmf-dist/fonts/t
ype1/public/amsfonts/cm/cmr12.pfb></usr/local/texlive/2026basic/texmf-dist/font
s/type1/public/amsfonts/cm/cmr17.pfb></usr/local/texlive/2026basic/texmf-dist/f
onts/type1/public/amsfonts/cm/cmti10.pfb></usr/local/texlive/2026basic/texmf-di
st/fonts/type1/public/amsfonts/cm/cmtt10.pfb>
Output written on report.pdf (11 pages, 1104777 bytes).
PDF statistics:
 264 PDF objects out of 1000 (max. 8388607)
 192 compressed objects within 2 object streams
 52 named destinations out of 1000 (max. 500000)
 250 words of extra memory for PDF output out of 10000 (max. 10000000)

